        if isinstance(payload, ApiModel):
            payload_json = payload.model_dump(exclude_none=True)

        logger.debug(f"{http_method.name} {endpoint}")
        logger.trace(
            f"Calling {http_method.name} {endpoint}"
            + (f" with payload:\n{json.dumps(payload_json, indent=4)}" if payload else ""),
        )

        # TODO @kyle-tennison: wrap this in a try/except to catch timeouts
        r = requests_func(
            url=self.BASE_URL + endpoint,
            json=payload_json,
            auth=self.get_auth(),
        )

        if not r.ok:
            msg = f"Bad response {r.status_code}"
>           raise OnPyApiError(msg, r)
E           onpy.util.exceptions.OnPyApiError: Bad response 403

src\onpy\api\rest_api.py:101: OnPyApiError
----------------------------------------------------- Captured stdout call ----------------------------------------------------- 
DEBUG    | Post /documents
DEBUG    | Get /documents/d/d7b4a98f16e79b052a1cc4d8/w/1c4ff478b45ce1645ef7540d/elements
DEBUG    | Get /documents/d/d7b4a98f16e79b052a1cc4d8/versions
DEBUG    | Post /documents/d/d7b4a98f16e79b052a1cc4d8/versions
INFO     | Created new version V1
DEBUG    | Get /partstudios/d/d7b4a98f16e79b052a1cc4d8/w/1c4ff478b45ce1645ef7540d/e/2976f1016b4e27aa0a6d9fab/features
DEBUG    | Get /documents/d/d7b4a98f16e79b052a1cc4d8/w/1c4ff478b45ce1645ef7540d/elements
DEBUG    | Get /documents/d/d7b4a98f16e79b052a1cc4d8/versions
DEBUG    | Post /documents/d/d7b4a98f16e79b052a1cc4d8/versions
INFO     | Created new version V2
DEBUG    | Get /partstudios/d/d7b4a98f16e79b052a1cc4d8/w/1c4ff478b45ce1645ef7540d/e/2976f1016b4e27aa0a6d9fab/features
DEBUG    | Get /documents/d/d7b4a98f16e79b052a1cc4d8/w/1c4ff478b45ce1645ef7540d/elements
DEBUG    | Delete /documents/d7b4a98f16e79b052a1cc4d8
________________________________________________________ test_versions _________________________________________________________ 

    def test_versions():
        """Test the ability to create versions"""

        document = client.create_document("test_documents::test_versions")

        document.create_version("V33")
        assert "V33" in [v.name for v in client._api.endpoints.list_versions(document.id)]

        document.create_version()
        assert "V34" in [v.name for v in client._api.endpoints.list_versions(document.id)]

>       document.delete()

tests\test_documents.py:71:
_ _ _ _ _ _ _ _ _ _ _ _ _ _ _ _ _ _ _ _ _ _ _ _ _ _ _ _ _ _ _ _ _ _ _ _ _ _ _ _ _ _ _ _ _ _ _ _ _ _ _ _ _ _ _ _ _ _ _ _ _ _ _ _  
src\onpy\document.py:76: in delete
    self._client._api.endpoints.document_delete(self.id)
src\onpy\api\endpoints.py:46: in document_delete
    self.api.delete(endpoint=f"/documents/{document_id}", response_type=str)
src\onpy\api\rest_api.py:221: in delete
    return self.http_wrap(HttpMethod.Delete, endpoint, response_type, payload)
_ _ _ _ _ _ _ _ _ _ _ _ _ _ _ _ _ _ _ _ _ _ _ _ _ _ _ _ _ _ _ _ _ _ _ _ _ _ _ _ _ _ _ _ _ _ _ _ _ _ _ _ _ _ _ _ _ _ _ _ _ _ _ _  

self = <onpy.api.rest_api.RestApi object at 0x000001CE26AC9BE0>, http_method = <HttpMethod.Delete: 'delete'>
endpoint = '/documents/d3c1cb778682d3f6a99b0e70', response_type = <class 'str'>, payload = None

    def http_wrap[T: ApiModel | str](
        self,
        http_method: HttpMethod,
        endpoint: str,
        response_type: type[T],
        payload: ApiModel | None,
    ) -> T:
        """Wrap requests' POST/GET/DELETE with pydantic serializations & deserializations.

        Args:
            http_method: The HTTP Method to use, like GET/POST/DELETE.
            endpoint: The endpoint to target. e.g., /documents/
            response_type: The ApiModel to deserialize the response into.
            payload: The optional payload to send with the request

        Returns:
            The response deserialized into the response_type type

        """
        # check endpoint formatting
        if not endpoint.startswith("/"):
            msg = f"Endpoint '{endpoint}' missing '/' prefix"
            raise OnPyInternalError(msg)

        # match method enum to requests function
        requests_func: Callable[..., requests.Response] = {
            HttpMethod.Post: requests.post,
            HttpMethod.Get: requests.get,
            HttpMethod.Delete: requests.delete,
            HttpMethod.Put: requests.put,
        }[http_method]

        payload_json = None

        if isinstance(payload, ApiModel):
            payload_json = payload.model_dump(exclude_none=True)

        logger.debug(f"{http_method.name} {endpoint}")
        logger.trace(
            f"Calling {http_method.name} {endpoint}"
            + (f" with payload:\n{json.dumps(payload_json, indent=4)}" if payload else ""),
        )

        # TODO @kyle-tennison: wrap this in a try/except to catch timeouts
        r = requests_func(
            url=self.BASE_URL + endpoint,
            json=payload_json,
            auth=self.get_auth(),
        )

        if not r.ok:
            msg = f"Bad response {r.status_code}"
>           raise OnPyApiError(msg, r)
E           onpy.util.exceptions.OnPyApiError: Bad response 403

src\onpy\api\rest_api.py:101: OnPyApiError
----------------------------------------------------- Captured stdout call ----------------------------------------------------- 
DEBUG    | Post /documents
DEBUG    | Post /documents/d/d3c1cb778682d3f6a99b0e70/versions
INFO     | Created new version V33
DEBUG    | Get /documents/d/d3c1cb778682d3f6a99b0e70/versions
DEBUG    | Get /documents/d/d3c1cb778682d3f6a99b0e70/versions
DEBUG    | Post /documents/d/d3c1cb778682d3f6a99b0e70/versions
INFO     | Created new version V34
DEBUG    | Get /documents/d/d3c1cb778682d3f6a99b0e70/versions
DEBUG    | Delete /documents/d3c1cb778682d3f6a99b0e70
_____________________________________________________ test_sketch_extrude ______________________________________________________ 

    def test_sketch_extrude():
        """Tests the ability to extrude a sketch"""

        client = Client()

        doc = client.create_document(name="test_features::test_sketch_extrude")
        partstudio = doc.get_partstudio(name="Part Studio 1")

        # draw a circle
        sketch = partstudio.add_sketch(
            plane=partstudio.features.front_plane, name="Base Sketch"
        )
        sketch.add_circle((-1, 0), 1)
        sketch.add_circle((1, 0), 1)

        partstudio.add_extrude(faces=sketch, distance=1, name="new extrude")
    
        new_sketch = partstudio.add_sketch(
            plane=partstudio.features.top_plane, name="Second Sketch"
        )

        # a box with an arc
        new_sketch.trace_points((3, 4), (3, 3), (4, 3))
        new_sketch.add_centerpoint_arc(
            centerpoint=(3, 3), radius=1, start_angle=0, end_angle=90
        )

        partstudio.add_extrude(
            faces=new_sketch.faces.contains_point((3.5, 3.5, 0)),
            distance=1,
        )

        # test extrude on a new plane
        new_plane = partstudio.add_offset_plane(
            target=partstudio.features.top_plane, distance=3
        )
        offset_sketch = partstudio.add_sketch(new_plane)
        offset_sketch.add_circle((0, 0), 1)
        partstudio.add_extrude(
            faces=offset_sketch.faces.contains_point((0, 0, 3)), distance=-3
        )

        # try to extrude between the sketches
        loft_start = partstudio.add_sketch(partstudio.features.top_plane)
        loft_start.add_circle((1, 0), 2)
        partstudio.add_loft(loft_start.faces.largest(), offset_sketch.faces.largest())

>       doc.delete()

tests\test_features.py:53:
_ _ _ _ _ _ _ _ _ _ _ _ _ _ _ _ _ _ _ _ _ _ _ _ _ _ _ _ _ _ _ _ _ _ _ _ _ _ _ _ _ _ _ _ _ _ _ _ _ _ _ _ _ _ _ _ _ _ _ _ _ _ _ _  
src\onpy\document.py:76: in delete
    self._client._api.endpoints.document_delete(self.id)
src\onpy\api\endpoints.py:46: in document_delete
    self.api.delete(endpoint=f"/documents/{document_id}", response_type=str)
src\onpy\api\rest_api.py:221: in delete
    return self.http_wrap(HttpMethod.Delete, endpoint, response_type, payload)
_ _ _ _ _ _ _ _ _ _ _ _ _ _ _ _ _ _ _ _ _ _ _ _ _ _ _ _ _ _ _ _ _ _ _ _ _ _ _ _ _ _ _ _ _ _ _ _ _ _ _ _ _ _ _ _ _ _ _ _ _ _ _ _  

self = <onpy.api.rest_api.RestApi object at 0x000001CE46DD4A50>, http_method = <HttpMethod.Delete: 'delete'>
endpoint = '/documents/0ec76c5de5010fce7dcc402b', response_type = <class 'str'>, payload = None

    def http_wrap[T: ApiModel | str](
        self,
        http_method: HttpMethod,
        endpoint: str,
        response_type: type[T],
        payload: ApiModel | None,
    ) -> T:
        """Wrap requests' POST/GET/DELETE with pydantic serializations & deserializations.

        Args:
            http_method: The HTTP Method to use, like GET/POST/DELETE.
            endpoint: The endpoint to target. e.g., /documents/
            response_type: The ApiModel to deserialize the response into.
            payload: The optional payload to send with the request

        Returns:
            The response deserialized into the response_type type

        """
        # check endpoint formatting
        if not endpoint.startswith("/"):
            msg = f"Endpoint '{endpoint}' missing '/' prefix"
            raise OnPyInternalError(msg)

        # match method enum to requests function
        requests_func: Callable[..., requests.Response] = {
            HttpMethod.Post: requests.post,
            HttpMethod.Get: requests.get,
            HttpMethod.Delete: requests.delete,
            HttpMethod.Put: requests.put,
        }[http_method]

        payload_json = None

        if isinstance(payload, ApiModel):
            payload_json = payload.model_dump(exclude_none=True)

        logger.debug(f"{http_method.name} {endpoint}")
        logger.trace(
            f"Calling {http_method.name} {endpoint}"
            + (f" with payload:\n{json.dumps(payload_json, indent=4)}" if payload else ""),
        )

        # TODO @kyle-tennison: wrap this in a try/except to catch timeouts
        r = requests_func(
            url=self.BASE_URL + endpoint,
            json=payload_json,
            auth=self.get_auth(),
        )

        if not r.ok:
            msg = f"Bad response {r.status_code}"
>           raise OnPyApiError(msg, r)
E           onpy.util.exceptions.OnPyApiError: Bad response 403

src\onpy\api\rest_api.py:101: OnPyApiError
----------------------------------------------------- Captured stdout call ----------------------------------------------------- 
DEBUG    | Get /documents
DEBUG    | Post /documents
DEBUG    | Get /documents/d/0ec76c5de5010fce7dcc402b/w/b9d5a85933759cdfdb954b74/elements
DEBUG    | Get /documents/d/0ec76c5de5010fce7dcc402b/versions
DEBUG    | Post /documents/d/0ec76c5de5010fce7dcc402b/versions
INFO     | Created new version V1
DEBUG    | Get /partstudios/d/0ec76c5de5010fce7dcc402b/w/b9d5a85933759cdfdb954b74/e/6bb31f1210418f9bde0ce040/features
DEBUG    | Post /partstudios/d/0ec76c5de5010fce7dcc402b/w/b9d5a85933759cdfdb954b74/e/6bb31f1210418f9bde0ce040/featurescript      
DEBUG    | Post /partstudios/d/0ec76c5de5010fce7dcc402b/w/b9d5a85933759cdfdb954b74/e/6bb31f1210418f9bde0ce040/features
DEBUG    | Successfully uploaded feature 'Base Sketch'
INFO     | Added circle to sketch: Circle(radius=0.0254, center=Point2D(x=-0.0254, y=0.0))
DEBUG    | Post /partstudios/d/0ec76c5de5010fce7dcc402b/w/b9d5a85933759cdfdb954b74/e/6bb31f1210418f9bde0ce040/featurescript      
DEBUG    | Post /partstudios/d/0ec76c5de5010fce7dcc402b/w/b9d5a85933759cdfdb954b74/e/6bb31f1210418f9bde0ce040/features/featureid/FulFwK8PeZF2Cdu_0
DEBUG    | Successfully updated feature 'Base Sketch'
INFO     | Added circle to sketch: Circle(radius=0.0254, center=Point2D(x=0.0254, y=0.0))
DEBUG    | Post /partstudios/d/0ec76c5de5010fce7dcc402b/w/b9d5a85933759cdfdb954b74/e/6bb31f1210418f9bde0ce040/featurescript      
DEBUG    | Post /partstudios/d/0ec76c5de5010fce7dcc402b/w/b9d5a85933759cdfdb954b74/e/6bb31f1210418f9bde0ce040/features/featureid/FulFwK8PeZF2Cdu_0
DEBUG    | Successfully updated feature 'Base Sketch'
DEBUG    | Post /partstudios/d/0ec76c5de5010fce7dcc402b/w/b9d5a85933759cdfdb954b74/e/6bb31f1210418f9bde0ce040/featurescript      
DEBUG    | Post /partstudios/d/0ec76c5de5010fce7dcc402b/w/b9d5a85933759cdfdb954b74/e/6bb31f1210418f9bde0ce040/featurescript      
DEBUG    | Post /partstudios/d/0ec76c5de5010fce7dcc402b/w/b9d5a85933759cdfdb954b74/e/6bb31f1210418f9bde0ce040/features
DEBUG    | Successfully uploaded feature 'new extrude'
DEBUG    | Post /partstudios/d/0ec76c5de5010fce7dcc402b/w/b9d5a85933759cdfdb954b74/e/6bb31f1210418f9bde0ce040/featurescript      
DEBUG    | Post /partstudios/d/0ec76c5de5010fce7dcc402b/w/b9d5a85933759cdfdb954b74/e/6bb31f1210418f9bde0ce040/features
DEBUG    | Successfully uploaded feature 'Second Sketch'
INFO     | Added line to sketch: Line(start=Point2D(x=0.07619999999999999, y=0.1016), end=Point2D(x=0.07619999999999999, y=0.07619999999999999))
DEBUG    | Post /partstudios/d/0ec76c5de5010fce7dcc402b/w/b9d5a85933759cdfdb954b74/e/6bb31f1210418f9bde0ce040/featurescript      
DEBUG    | Post /partstudios/d/0ec76c5de5010fce7dcc402b/w/b9d5a85933759cdfdb954b74/e/6bb31f1210418f9bde0ce040/features/featureid/FVIbnY1zE97fr81_2
DEBUG    | Successfully updated feature 'Second Sketch'
INFO     | Added line to sketch: Line(start=Point2D(x=0.07619999999999999, y=0.07619999999999999), end=Point2D(x=0.1016, y=0.07619999999999999))
DEBUG    | Post /partstudios/d/0ec76c5de5010fce7dcc402b/w/b9d5a85933759cdfdb954b74/e/6bb31f1210418f9bde0ce040/featurescript      
DEBUG    | Post /partstudios/d/0ec76c5de5010fce7dcc402b/w/b9d5a85933759cdfdb954b74/e/6bb31f1210418f9bde0ce040/features/featureid/FVIbnY1zE97fr81_2
DEBUG    | Successfully updated feature 'Second Sketch'
INFO     | Added line to sketch: Line(start=Point2D(x=0.07619999999999999, y=0.1016), end=Point2D(x=0.1016, y=0.07619999999999999))
DEBUG    | Post /partstudios/d/0ec76c5de5010fce7dcc402b/w/b9d5a85933759cdfdb954b74/e/6bb31f1210418f9bde0ce040/featurescript      
DEBUG    | Post /partstudios/d/0ec76c5de5010fce7dcc402b/w/b9d5a85933759cdfdb954b74/e/6bb31f1210418f9bde0ce040/features/featureid/FVIbnY1zE97fr81_2
DEBUG    | Successfully updated feature 'Second Sketch'
INFO     | Successfully added arc to sketch
DEBUG    | Post /partstudios/d/0ec76c5de5010fce7dcc402b/w/b9d5a85933759cdfdb954b74/e/6bb31f1210418f9bde0ce040/featurescript      
DEBUG    | Post /partstudios/d/0ec76c5de5010fce7dcc402b/w/b9d5a85933759cdfdb954b74/e/6bb31f1210418f9bde0ce040/features/featureid/FVIbnY1zE97fr81_2
WARNING  | Feature loaded with warning
DEBUG    | Post /partstudios/d/0ec76c5de5010fce7dcc402b/w/b9d5a85933759cdfdb954b74/e/6bb31f1210418f9bde0ce040/featurescript      
DEBUG    | Post /partstudios/d/0ec76c5de5010fce7dcc402b/w/b9d5a85933759cdfdb954b74/e/6bb31f1210418f9bde0ce040/featurescript      
DEBUG    | Post /partstudios/d/0ec76c5de5010fce7dcc402b/w/b9d5a85933759cdfdb954b74/e/6bb31f1210418f9bde0ce040/featurescript      
DEBUG    | Post /partstudios/d/0ec76c5de5010fce7dcc402b/w/b9d5a85933759cdfdb954b74/e/6bb31f1210418f9bde0ce040/featurescript      
DEBUG    | Post /partstudios/d/0ec76c5de5010fce7dcc402b/w/b9d5a85933759cdfdb954b74/e/6bb31f1210418f9bde0ce040/features
DEBUG    | Successfully uploaded feature 'New Extrude'
DEBUG    | Post /partstudios/d/0ec76c5de5010fce7dcc402b/w/b9d5a85933759cdfdb954b74/e/6bb31f1210418f9bde0ce040/featurescript      
DEBUG    | Post /partstudios/d/0ec76c5de5010fce7dcc402b/w/b9d5a85933759cdfdb954b74/e/6bb31f1210418f9bde0ce040/features
DEBUG    | Successfully uploaded feature 'Offset Plane'
DEBUG    | Post /partstudios/d/0ec76c5de5010fce7dcc402b/w/b9d5a85933759cdfdb954b74/e/6bb31f1210418f9bde0ce040/featurescript      
DEBUG    | Post /partstudios/d/0ec76c5de5010fce7dcc402b/w/b9d5a85933759cdfdb954b74/e/6bb31f1210418f9bde0ce040/features
DEBUG    | Successfully uploaded feature 'New Sketch'
INFO     | Added circle to sketch: Circle(radius=0.0254, center=Point2D(x=0.0, y=0.0))
DEBUG    | Post /partstudios/d/0ec76c5de5010fce7dcc402b/w/b9d5a85933759cdfdb954b74/e/6bb31f1210418f9bde0ce040/featurescript      
DEBUG    | Post /partstudios/d/0ec76c5de5010fce7dcc402b/w/b9d5a85933759cdfdb954b74/e/6bb31f1210418f9bde0ce040/features/featureid/FZUMHQmvwXl8vHi_3
DEBUG    | Successfully updated feature 'New Sketch'
DEBUG    | Post /partstudios/d/0ec76c5de5010fce7dcc402b/w/b9d5a85933759cdfdb954b74/e/6bb31f1210418f9bde0ce040/featurescript      
DEBUG    | Post /partstudios/d/0ec76c5de5010fce7dcc402b/w/b9d5a85933759cdfdb954b74/e/6bb31f1210418f9bde0ce040/featurescript      
DEBUG    | Post /partstudios/d/0ec76c5de5010fce7dcc402b/w/b9d5a85933759cdfdb954b74/e/6bb31f1210418f9bde0ce040/featurescript      
DEBUG    | Post /partstudios/d/0ec76c5de5010fce7dcc402b/w/b9d5a85933759cdfdb954b74/e/6bb31f1210418f9bde0ce040/featurescript      
DEBUG    | Post /partstudios/d/0ec76c5de5010fce7dcc402b/w/b9d5a85933759cdfdb954b74/e/6bb31f1210418f9bde0ce040/features
DEBUG    | Successfully uploaded feature 'New Extrude'
DEBUG    | Post /partstudios/d/0ec76c5de5010fce7dcc402b/w/b9d5a85933759cdfdb954b74/e/6bb31f1210418f9bde0ce040/featurescript      
DEBUG    | Post /partstudios/d/0ec76c5de5010fce7dcc402b/w/b9d5a85933759cdfdb954b74/e/6bb31f1210418f9bde0ce040/features
DEBUG    | Successfully uploaded feature 'New Sketch'
INFO     | Added circle to sketch: Circle(radius=0.0508, center=Point2D(x=0.0254, y=0.0))
DEBUG    | Post /partstudios/d/0ec76c5de5010fce7dcc402b/w/b9d5a85933759cdfdb954b74/e/6bb31f1210418f9bde0ce040/featurescript      
DEBUG    | Post /partstudios/d/0ec76c5de5010fce7dcc402b/w/b9d5a85933759cdfdb954b74/e/6bb31f1210418f9bde0ce040/features/featureid/Ff3CR2vHxMoxtfX_4
DEBUG    | Successfully updated feature 'New Sketch'
DEBUG    | Post /partstudios/d/0ec76c5de5010fce7dcc402b/w/b9d5a85933759cdfdb954b74/e/6bb31f1210418f9bde0ce040/featurescript      
DEBUG    | Post /partstudios/d/0ec76c5de5010fce7dcc402b/w/b9d5a85933759cdfdb954b74/e/6bb31f1210418f9bde0ce040/featurescript      
DEBUG    | Post /partstudios/d/0ec76c5de5010fce7dcc402b/w/b9d5a85933759cdfdb954b74/e/6bb31f1210418f9bde0ce040/featurescript      
DEBUG    | Post /partstudios/d/0ec76c5de5010fce7dcc402b/w/b9d5a85933759cdfdb954b74/e/6bb31f1210418f9bde0ce040/featurescript      
DEBUG    | Post /partstudios/d/0ec76c5de5010fce7dcc402b/w/b9d5a85933759cdfdb954b74/e/6bb31f1210418f9bde0ce040/featurescript      
DEBUG    | Post /partstudios/d/0ec76c5de5010fce7dcc402b/w/b9d5a85933759cdfdb954b74/e/6bb31f1210418f9bde0ce040/featurescript      
DEBUG    | Post /partstudios/d/0ec76c5de5010fce7dcc402b/w/b9d5a85933759cdfdb954b74/e/6bb31f1210418f9bde0ce040/featurescript      
DEBUG    | Post /partstudios/d/0ec76c5de5010fce7dcc402b/w/b9d5a85933759cdfdb954b74/e/6bb31f1210418f9bde0ce040/featurescript      
DEBUG    | Post /partstudios/d/0ec76c5de5010fce7dcc402b/w/b9d5a85933759cdfdb954b74/e/6bb31f1210418f9bde0ce040/features
DEBUG    | Successfully uploaded feature 'Loft'
DEBUG    | Delete /documents/0ec76c5de5010fce7dcc402b
_____________________________________________________ test_sketch_queries ______________________________________________________ 

    def test_sketch_queries():
        """Test the ability to query sketch regions"""

        document = Client().create_document("test_features::test_sketch_queries")

        partstudio = document.get_partstudio()
        partstudio.wipe()

        sketch = partstudio.add_sketch(plane=partstudio.features.top_plane)
        sketch.trace_points((-2, -2), (-2, 2), (2, 2), (2, -2))
        sketch.add_circle(center=(0, 0), radius=1)

        sketch.add_line((-2, -1), (2, 2))

        print(sketch.faces.contains_point((1, -1, 0)))

        partstudio.add_extrude(faces=sketch.faces.largest(), distance=1)
        partstudio.add_extrude(faces=sketch.faces.smallest(), distance=0.5)
        partstudio.add_extrude(faces=sketch.faces.contains_point((0, 0, 0)), distance=-3)

>       document.delete()

tests\test_features.py:76:
_ _ _ _ _ _ _ _ _ _ _ _ _ _ _ _ _ _ _ _ _ _ _ _ _ _ _ _ _ _ _ _ _ _ _ _ _ _ _ _ _ _ _ _ _ _ _ _ _ _ _ _ _ _ _ _ _ _ _ _ _ _ _ _  
src\onpy\document.py:76: in delete
    self._client._api.endpoints.document_delete(self.id)
src\onpy\api\endpoints.py:46: in document_delete
    self.api.delete(endpoint=f"/documents/{document_id}", response_type=str)
src\onpy\api\rest_api.py:221: in delete
    return self.http_wrap(HttpMethod.Delete, endpoint, response_type, payload)
_ _ _ _ _ _ _ _ _ _ _ _ _ _ _ _ _ _ _ _ _ _ _ _ _ _ _ _ _ _ _ _ _ _ _ _ _ _ _ _ _ _ _ _ _ _ _ _ _ _ _ _ _ _ _ _ _ _ _ _ _ _ _ _  

self = <onpy.api.rest_api.RestApi object at 0x000001CE46DD5E50>, http_method = <HttpMethod.Delete: 'delete'>
endpoint = '/documents/771216872a75a8e7f8828fbd', response_type = <class 'str'>, payload = None

    def http_wrap[T: ApiModel | str](
        self,
        http_method: HttpMethod,
        endpoint: str,
        response_type: type[T],
        payload: ApiModel | None,
    ) -> T:
        """Wrap requests' POST/GET/DELETE with pydantic serializations & deserializations.

        Args:
            http_method: The HTTP Method to use, like GET/POST/DELETE.
            endpoint: The endpoint to target. e.g., /documents/
            response_type: The ApiModel to deserialize the response into.
            payload: The optional payload to send with the request

        Returns:
            The response deserialized into the response_type type

        """
        # check endpoint formatting
        if not endpoint.startswith("/"):
            msg = f"Endpoint '{endpoint}' missing '/' prefix"
            raise OnPyInternalError(msg)

        # match method enum to requests function
        requests_func: Callable[..., requests.Response] = {
            HttpMethod.Post: requests.post,
            HttpMethod.Get: requests.get,
            HttpMethod.Delete: requests.delete,
            HttpMethod.Put: requests.put,
        }[http_method]

        payload_json = None

        if isinstance(payload, ApiModel):
            payload_json = payload.model_dump(exclude_none=True)

        logger.debug(f"{http_method.name} {endpoint}")
        logger.trace(
            f"Calling {http_method.name} {endpoint}"
            + (f" with payload:\n{json.dumps(payload_json, indent=4)}" if payload else ""),
        )

        # TODO @kyle-tennison: wrap this in a try/except to catch timeouts
        r = requests_func(
            url=self.BASE_URL + endpoint,
            json=payload_json,
            auth=self.get_auth(),
        )

        if not r.ok:
            msg = f"Bad response {r.status_code}"
>           raise OnPyApiError(msg, r)
E           onpy.util.exceptions.OnPyApiError: Bad response 403

src\onpy\api\rest_api.py:101: OnPyApiError
----------------------------------------------------- Captured stdout call ----------------------------------------------------- 
DEBUG    | Get /documents
DEBUG    | Post /documents
DEBUG    | Get /documents/d/771216872a75a8e7f8828fbd/w/7b24dfb4080e85f368f3c7ff/elements
DEBUG    | Get /documents/d/771216872a75a8e7f8828fbd/versions
DEBUG    | Post /documents/d/771216872a75a8e7f8828fbd/versions
INFO     | Created new version V1
DEBUG    | Get /partstudios/d/771216872a75a8e7f8828fbd/w/7b24dfb4080e85f368f3c7ff/e/2d0a8082abddf856d6172e96/features
DEBUG    | Post /partstudios/d/771216872a75a8e7f8828fbd/w/7b24dfb4080e85f368f3c7ff/e/2d0a8082abddf856d6172e96/featurescript      
DEBUG    | Post /partstudios/d/771216872a75a8e7f8828fbd/w/7b24dfb4080e85f368f3c7ff/e/2d0a8082abddf856d6172e96/features
DEBUG    | Successfully uploaded feature 'New Sketch'
INFO     | Added line to sketch: Line(start=Point2D(x=-0.0508, y=-0.0508), end=Point2D(x=-0.0508, y=0.0508))
DEBUG    | Post /partstudios/d/771216872a75a8e7f8828fbd/w/7b24dfb4080e85f368f3c7ff/e/2d0a8082abddf856d6172e96/featurescript      
DEBUG    | Post /partstudios/d/771216872a75a8e7f8828fbd/w/7b24dfb4080e85f368f3c7ff/e/2d0a8082abddf856d6172e96/features/featureid/FVxHFdPahztp69I_0
DEBUG    | Successfully updated feature 'New Sketch'
INFO     | Added line to sketch: Line(start=Point2D(x=-0.0508, y=0.0508), end=Point2D(x=0.0508, y=0.0508))
DEBUG    | Post /partstudios/d/771216872a75a8e7f8828fbd/w/7b24dfb4080e85f368f3c7ff/e/2d0a8082abddf856d6172e96/featurescript      
DEBUG    | Post /partstudios/d/771216872a75a8e7f8828fbd/w/7b24dfb4080e85f368f3c7ff/e/2d0a8082abddf856d6172e96/features/featureid/FVxHFdPahztp69I_0
DEBUG    | Successfully updated feature 'New Sketch'
INFO     | Added line to sketch: Line(start=Point2D(x=0.0508, y=0.0508), end=Point2D(x=0.0508, y=-0.0508))
DEBUG    | Post /partstudios/d/771216872a75a8e7f8828fbd/w/7b24dfb4080e85f368f3c7ff/e/2d0a8082abddf856d6172e96/featurescript      
DEBUG    | Post /partstudios/d/771216872a75a8e7f8828fbd/w/7b24dfb4080e85f368f3c7ff/e/2d0a8082abddf856d6172e96/features/featureid/FVxHFdPahztp69I_0
DEBUG    | Successfully updated feature 'New Sketch'
INFO     | Added line to sketch: Line(start=Point2D(x=-0.0508, y=-0.0508), end=Point2D(x=0.0508, y=-0.0508))
DEBUG    | Post /partstudios/d/771216872a75a8e7f8828fbd/w/7b24dfb4080e85f368f3c7ff/e/2d0a8082abddf856d6172e96/featurescript      
DEBUG    | Post /partstudios/d/771216872a75a8e7f8828fbd/w/7b24dfb4080e85f368f3c7ff/e/2d0a8082abddf856d6172e96/features/featureid/FVxHFdPahztp69I_0
DEBUG    | Successfully updated feature 'New Sketch'
INFO     | Added circle to sketch: Circle(radius=0.0254, center=Point2D(x=0.0, y=0.0))
DEBUG    | Post /partstudios/d/771216872a75a8e7f8828fbd/w/7b24dfb4080e85f368f3c7ff/e/2d0a8082abddf856d6172e96/featurescript      
DEBUG    | Post /partstudios/d/771216872a75a8e7f8828fbd/w/7b24dfb4080e85f368f3c7ff/e/2d0a8082abddf856d6172e96/features/featureid/FVxHFdPahztp69I_0
DEBUG    | Successfully updated feature 'New Sketch'
INFO     | Added line to sketch: Line(start=Point2D(x=-0.0508, y=-0.0254), end=Point2D(x=0.0508, y=0.0508))
DEBUG    | Post /partstudios/d/771216872a75a8e7f8828fbd/w/7b24dfb4080e85f368f3c7ff/e/2d0a8082abddf856d6172e96/featurescript      
DEBUG    | Post /partstudios/d/771216872a75a8e7f8828fbd/w/7b24dfb4080e85f368f3c7ff/e/2d0a8082abddf856d6172e96/features/featureid/FVxHFdPahztp69I_0
DEBUG    | Successfully updated feature 'New Sketch'
DEBUG    | Post /partstudios/d/771216872a75a8e7f8828fbd/w/7b24dfb4080e85f368f3c7ff/e/2d0a8082abddf856d6172e96/featurescript      
DEBUG    | Post /partstudios/d/771216872a75a8e7f8828fbd/w/7b24dfb4080e85f368f3c7ff/e/2d0a8082abddf856d6172e96/featurescript      
DEBUG    | Post /partstudios/d/771216872a75a8e7f8828fbd/w/7b24dfb4080e85f368f3c7ff/e/2d0a8082abddf856d6172e96/featurescript      
EntityFilter([Entity(JGC)])
DEBUG    | Post /partstudios/d/771216872a75a8e7f8828fbd/w/7b24dfb4080e85f368f3c7ff/e/2d0a8082abddf856d6172e96/featurescript      
DEBUG    | Post /partstudios/d/771216872a75a8e7f8828fbd/w/7b24dfb4080e85f368f3c7ff/e/2d0a8082abddf856d6172e96/featurescript      
DEBUG    | Post /partstudios/d/771216872a75a8e7f8828fbd/w/7b24dfb4080e85f368f3c7ff/e/2d0a8082abddf856d6172e96/featurescript      
DEBUG    | Post /partstudios/d/771216872a75a8e7f8828fbd/w/7b24dfb4080e85f368f3c7ff/e/2d0a8082abddf856d6172e96/featurescript      
DEBUG    | Post /partstudios/d/771216872a75a8e7f8828fbd/w/7b24dfb4080e85f368f3c7ff/e/2d0a8082abddf856d6172e96/features
DEBUG    | Successfully uploaded feature 'New Extrude'
DEBUG    | Post /partstudios/d/771216872a75a8e7f8828fbd/w/7b24dfb4080e85f368f3c7ff/e/2d0a8082abddf856d6172e96/featurescript      
DEBUG    | Post /partstudios/d/771216872a75a8e7f8828fbd/w/7b24dfb4080e85f368f3c7ff/e/2d0a8082abddf856d6172e96/featurescript      
DEBUG    | Post /partstudios/d/771216872a75a8e7f8828fbd/w/7b24dfb4080e85f368f3c7ff/e/2d0a8082abddf856d6172e96/featurescript      
DEBUG    | Post /partstudios/d/771216872a75a8e7f8828fbd/w/7b24dfb4080e85f368f3c7ff/e/2d0a8082abddf856d6172e96/featurescript      
DEBUG    | Post /partstudios/d/771216872a75a8e7f8828fbd/w/7b24dfb4080e85f368f3c7ff/e/2d0a8082abddf856d6172e96/features
DEBUG    | Successfully uploaded feature 'New Extrude'
DEBUG    | Post /partstudios/d/771216872a75a8e7f8828fbd/w/7b24dfb4080e85f368f3c7ff/e/2d0a8082abddf856d6172e96/featurescript      
DEBUG    | Post /partstudios/d/771216872a75a8e7f8828fbd/w/7b24dfb4080e85f368f3c7ff/e/2d0a8082abddf856d6172e96/featurescript      
DEBUG    | Post /partstudios/d/771216872a75a8e7f8828fbd/w/7b24dfb4080e85f368f3c7ff/e/2d0a8082abddf856d6172e96/featurescript      
DEBUG    | Post /partstudios/d/771216872a75a8e7f8828fbd/w/7b24dfb4080e85f368f3c7ff/e/2d0a8082abddf856d6172e96/featurescript      
DEBUG    | Post /partstudios/d/771216872a75a8e7f8828fbd/w/7b24dfb4080e85f368f3c7ff/e/2d0a8082abddf856d6172e96/features
DEBUG    | Successfully uploaded feature 'New Extrude'
DEBUG    | Delete /documents/771216872a75a8e7f8828fbd
______________________________________________________ test_feature_wipe _______________________________________________________ 

    def test_feature_wipe():
        """Test the ability to remove features"""

        client = Client()

        document = client.create_document("test_features::test_feature_wipe")
        partstudio = document.get_partstudio()

        # add dummy feature(s)
        sketch = partstudio.add_sketch(
            plane=partstudio.features.top_plane,
            name="Overlapping Sketch",
        )
        sketch.add_circle(center=(-0.5, 0), radius=1)
        sketch.add_circle(center=(0.5, 0), radius=1)
        partstudio.add_extrude(faces=sketch, distance=1)

        partstudio.wipe()

        features = client._api.endpoints.list_features(
            document_id=document.id,
            version=WorkspaceWVM(document.default_workspace.id),
            element_id=partstudio.id,
        )

        assert len(features) == 0

>       document.delete()

tests\test_features.py:106:
_ _ _ _ _ _ _ _ _ _ _ _ _ _ _ _ _ _ _ _ _ _ _ _ _ _ _ _ _ _ _ _ _ _ _ _ _ _ _ _ _ _ _ _ _ _ _ _ _ _ _ _ _ _ _ _ _ _ _ _ _ _ _ _  
src\onpy\document.py:76: in delete
    self._client._api.endpoints.document_delete(self.id)
src\onpy\api\endpoints.py:46: in document_delete
    self.api.delete(endpoint=f"/documents/{document_id}", response_type=str)
src\onpy\api\rest_api.py:221: in delete
    return self.http_wrap(HttpMethod.Delete, endpoint, response_type, payload)
_ _ _ _ _ _ _ _ _ _ _ _ _ _ _ _ _ _ _ _ _ _ _ _ _ _ _ _ _ _ _ _ _ _ _ _ _ _ _ _ _ _ _ _ _ _ _ _ _ _ _ _ _ _ _ _ _ _ _ _ _ _ _ _  

self = <onpy.api.rest_api.RestApi object at 0x000001CE46D71F30>, http_method = <HttpMethod.Delete: 'delete'>
endpoint = '/documents/9ab5bdbcc4dc2d17b3b4dfa6', response_type = <class 'str'>, payload = None

    def http_wrap[T: ApiModel | str](
        self,
        http_method: HttpMethod,
        endpoint: str,
        response_type: type[T],
        payload: ApiModel | None,
    ) -> T:
        """Wrap requests' POST/GET/DELETE with pydantic serializations & deserializations.

        Args:
            http_method: The HTTP Method to use, like GET/POST/DELETE.
            endpoint: The endpoint to target. e.g., /documents/
            response_type: The ApiModel to deserialize the response into.
            payload: The optional payload to send with the request

        Returns:
            The response deserialized into the response_type type

        """
        # check endpoint formatting
        if not endpoint.startswith("/"):
            msg = f"Endpoint '{endpoint}' missing '/' prefix"
            raise OnPyInternalError(msg)

        # match method enum to requests function
        requests_func: Callable[..., requests.Response] = {
            HttpMethod.Post: requests.post,
            HttpMethod.Get: requests.get,
            HttpMethod.Delete: requests.delete,
            HttpMethod.Put: requests.put,
        }[http_method]

        payload_json = None

        if isinstance(payload, ApiModel):
            payload_json = payload.model_dump(exclude_none=True)

        logger.debug(f"{http_method.name} {endpoint}")
        logger.trace(
            f"Calling {http_method.name} {endpoint}"
            + (f" with payload:\n{json.dumps(payload_json, indent=4)}" if payload else ""),
        )

        # TODO @kyle-tennison: wrap this in a try/except to catch timeouts
        r = requests_func(
            url=self.BASE_URL + endpoint,
            json=payload_json,
            auth=self.get_auth(),
        )

        if not r.ok:
            msg = f"Bad response {r.status_code}"
>           raise OnPyApiError(msg, r)
E           onpy.util.exceptions.OnPyApiError: Bad response 403

src\onpy\api\rest_api.py:101: OnPyApiError
----------------------------------------------------- Captured stdout call ----------------------------------------------------- 
DEBUG    | Get /documents
DEBUG    | Post /documents
DEBUG    | Get /documents/d/9ab5bdbcc4dc2d17b3b4dfa6/w/b3fda17da335548e2d0598fd/elements
DEBUG    | Post /partstudios/d/9ab5bdbcc4dc2d17b3b4dfa6/w/b3fda17da335548e2d0598fd/e/c9bd122ce899ea0bfbf0c6a6/featurescript      
DEBUG    | Post /partstudios/d/9ab5bdbcc4dc2d17b3b4dfa6/w/b3fda17da335548e2d0598fd/e/c9bd122ce899ea0bfbf0c6a6/features
DEBUG    | Successfully uploaded feature 'Overlapping Sketch'
INFO     | Added circle to sketch: Circle(radius=0.0254, center=Point2D(x=-0.0127, y=0.0))
DEBUG    | Post /partstudios/d/9ab5bdbcc4dc2d17b3b4dfa6/w/b3fda17da335548e2d0598fd/e/c9bd122ce899ea0bfbf0c6a6/featurescript      
DEBUG    | Post /partstudios/d/9ab5bdbcc4dc2d17b3b4dfa6/w/b3fda17da335548e2d0598fd/e/c9bd122ce899ea0bfbf0c6a6/features/featureid/FjKFwHnR2B4ldJ8_0
DEBUG    | Successfully updated feature 'Overlapping Sketch'
INFO     | Added circle to sketch: Circle(radius=0.0254, center=Point2D(x=0.0127, y=0.0))
DEBUG    | Post /partstudios/d/9ab5bdbcc4dc2d17b3b4dfa6/w/b3fda17da335548e2d0598fd/e/c9bd122ce899ea0bfbf0c6a6/featurescript      
DEBUG    | Post /partstudios/d/9ab5bdbcc4dc2d17b3b4dfa6/w/b3fda17da335548e2d0598fd/e/c9bd122ce899ea0bfbf0c6a6/features/featureid/FjKFwHnR2B4ldJ8_0
DEBUG    | Successfully updated feature 'Overlapping Sketch'
DEBUG    | Post /partstudios/d/9ab5bdbcc4dc2d17b3b4dfa6/w/b3fda17da335548e2d0598fd/e/c9bd122ce899ea0bfbf0c6a6/featurescript      
DEBUG    | Post /partstudios/d/9ab5bdbcc4dc2d17b3b4dfa6/w/b3fda17da335548e2d0598fd/e/c9bd122ce899ea0bfbf0c6a6/featurescript      
DEBUG    | Post /partstudios/d/9ab5bdbcc4dc2d17b3b4dfa6/w/b3fda17da335548e2d0598fd/e/c9bd122ce899ea0bfbf0c6a6/features
DEBUG    | Successfully uploaded feature 'New Extrude'
DEBUG    | Get /documents/d/9ab5bdbcc4dc2d17b3b4dfa6/versions
DEBUG    | Post /documents/d/9ab5bdbcc4dc2d17b3b4dfa6/versions
INFO     | Created new version V1
DEBUG    | Get /partstudios/d/9ab5bdbcc4dc2d17b3b4dfa6/w/b3fda17da335548e2d0598fd/e/c9bd122ce899ea0bfbf0c6a6/features
DEBUG    | Delete /partstudios/d/9ab5bdbcc4dc2d17b3b4dfa6/w/b3fda17da335548e2d0598fd/e/c9bd122ce899ea0bfbf0c6a6/features/featureid/F706fHah5G2wWp1_0
DEBUG    | Delete /partstudios/d/9ab5bdbcc4dc2d17b3b4dfa6/w/b3fda17da335548e2d0598fd/e/c9bd122ce899ea0bfbf0c6a6/features/featureid/FjKFwHnR2B4ldJ8_0
DEBUG    | Get /partstudios/d/9ab5bdbcc4dc2d17b3b4dfa6/w/b3fda17da335548e2d0598fd/e/c9bd122ce899ea0bfbf0c6a6/features
DEBUG    | Delete /documents/9ab5bdbcc4dc2d17b3b4dfa6
_____________________________________________________ test_pseudo_elements _____________________________________________________ 

    def test_pseudo_elements():
        """Tests the ability to mirror, rotate, and translate items, along with
        pseudo elements like fillets."""

        document = Client().create_document("test_features::test_pseudo_elements")
        partstudio = document.get_partstudio()

        partstudio.wipe()

        sketch = partstudio.add_sketch(plane=partstudio.features.top_plane)

        lines = sketch.trace_points((-1, 0), (-0.5, 1), (0.5, 1), end_connect=False)
        fillet_arc = sketch.add_fillet(lines[0], lines[1], radius=0.2)
        main_arc = sketch.add_centerpoint_arc(
            centerpoint=(0.5, 0), radius=1, start_angle=0, end_angle=90
        )

        sketch.mirror([*lines, fillet_arc, main_arc], line_point=(0, 0), line_dir=(1, 0))

        sketch.translate(sketch.sketch_items, x=1, y=1)
        sketch.rotate(sketch.sketch_items, origin=(0, 0), theta=180)
>       partstudio.add_extrude(faces=sketch.faces.contains_point((-1, -1, 0)), distance=1)

tests\test_features.py:130:
_ _ _ _ _ _ _ _ _ _ _ _ _ _ _ _ _ _ _ _ _ _ _ _ _ _ _ _ _ _ _ _ _ _ _ _ _ _ _ _ _ _ _ _ _ _ _ _ _ _ _ _ _ _ _ _ _ _ _ _ _ _ _ _  
src\onpy\elements\partstudio.py:114: in add_extrude
    return Extrude(
src\onpy\features\extrude.py:56: in __init__
    self._upload_feature()
_ _ _ _ _ _ _ _ _ _ _ _ _ _ _ _ _ _ _ _ _ _ _ _ _ _ _ _ _ _ _ _ _ _ _ _ _ _ _ _ _ _ _ _ _ _ _ _ _ _ _ _ _ _ _ _ _ _ _ _ _ _ _ _  

self = <onpy.features.extrude.Extrude object at 0x000001CE46D75150>

    def _upload_feature(self) -> None:
        """Add a feature to the partstudio.

        Raises:
            OnPyFeatureError if the feature fails to load

        """
        response = self._api.endpoints.add_feature(
            document_id=self.document.id,
            version=WorkspaceWVM(self.document.default_workspace.id),
            element_id=self.partstudio.id,
            feature=self._to_model(),
        )

        self.partstudio._features.append(self)

        if response.featureState.featureStatus != "OK":
            if response.featureState.featureStatus == "WARNING":
                logger.warning("Feature loaded with warning")
            else:
                msg = "Feature errored on upload"
>               raise OnPyFeatureError(msg)
E               onpy.util.exceptions.OnPyFeatureError: Feature errored on upload

src\onpy\features\base.py:104: OnPyFeatureError
----------------------------------------------------- Captured stdout call ----------------------------------------------------- 
DEBUG    | Get /documents
DEBUG    | Post /documents
DEBUG    | Get /documents/d/a7eccf28aad91e113b1adddb/w/f33029ad4dea8659bfb87532/elements
DEBUG    | Get /documents/d/a7eccf28aad91e113b1adddb/versions
DEBUG    | Post /documents/d/a7eccf28aad91e113b1adddb/versions
INFO     | Created new version V1
DEBUG    | Get /partstudios/d/a7eccf28aad91e113b1adddb/w/f33029ad4dea8659bfb87532/e/ddb1cc5782b6d42bb9041523/features
DEBUG    | Post /partstudios/d/a7eccf28aad91e113b1adddb/w/f33029ad4dea8659bfb87532/e/ddb1cc5782b6d42bb9041523/featurescript      
DEBUG    | Post /partstudios/d/a7eccf28aad91e113b1adddb/w/f33029ad4dea8659bfb87532/e/ddb1cc5782b6d42bb9041523/features
DEBUG    | Successfully uploaded feature 'New Sketch'
INFO     | Added line to sketch: Line(start=Point2D(x=-0.0254, y=0.0), end=Point2D(x=-0.0127, y=0.0254))
DEBUG    | Post /partstudios/d/a7eccf28aad91e113b1adddb/w/f33029ad4dea8659bfb87532/e/ddb1cc5782b6d42bb9041523/featurescript      
DEBUG    | Post /partstudios/d/a7eccf28aad91e113b1adddb/w/f33029ad4dea8659bfb87532/e/ddb1cc5782b6d42bb9041523/features/featureid/F2NlR9F152UzwT3_0
DEBUG    | Successfully updated feature 'New Sketch'
INFO     | Added line to sketch: Line(start=Point2D(x=-0.0127, y=0.0254), end=Point2D(x=0.0127, y=0.0254))
DEBUG    | Post /partstudios/d/a7eccf28aad91e113b1adddb/w/f33029ad4dea8659bfb87532/e/ddb1cc5782b6d42bb9041523/featurescript      
DEBUG    | Post /partstudios/d/a7eccf28aad91e113b1adddb/w/f33029ad4dea8659bfb87532/e/ddb1cc5782b6d42bb9041523/features/featureid/F2NlR9F152UzwT3_0
DEBUG    | Successfully updated feature 'New Sketch'
DEBUG    | Post /partstudios/d/a7eccf28aad91e113b1adddb/w/f33029ad4dea8659bfb87532/e/ddb1cc5782b6d42bb9041523/featurescript      
DEBUG    | Post /partstudios/d/a7eccf28aad91e113b1adddb/w/f33029ad4dea8659bfb87532/e/ddb1cc5782b6d42bb9041523/features/featureid/F2NlR9F152UzwT3_0
WARNING  | Feature loaded with warning
INFO     | Successfully added arc to sketch
DEBUG    | Post /partstudios/d/a7eccf28aad91e113b1adddb/w/f33029ad4dea8659bfb87532/e/ddb1cc5782b6d42bb9041523/featurescript      
DEBUG    | Post /partstudios/d/a7eccf28aad91e113b1adddb/w/f33029ad4dea8659bfb87532/e/ddb1cc5782b6d42bb9041523/features/featureid/F2NlR9F152UzwT3_0
WARNING  | Feature loaded with warning
DEBUG    | Created a close of Line(start=Point2D(x=-0.0254, y=0.0), end=Point2D(x=-0.014104077467430101, y=0.022591845065139782))
DEBUG    | Created a close of Line(start=Point2D(x=-0.009560387337150533, y=0.0254), end=Point2D(x=0.0127, y=0.0254))
DEBUG    | Created a close of Arc(center=Point2D(x=-0.009560387337150533, y=0.020319999999999998), radius=0.00508, interval=1.5707963267948966<θ<2.677945044588987)
DEBUG    | Created a close of Arc(center=Point2D(x=0.0127, y=0.0), radius=0.0254, interval=0.0<θ<1.5707963267948966)
DEBUG    | Post /partstudios/d/a7eccf28aad91e113b1adddb/w/f33029ad4dea8659bfb87532/e/ddb1cc5782b6d42bb9041523/featurescript      
DEBUG    | Post /partstudios/d/a7eccf28aad91e113b1adddb/w/f33029ad4dea8659bfb87532/e/ddb1cc5782b6d42bb9041523/features/featureid/F2NlR9F152UzwT3_0
WARNING  | Feature loaded with warning
DEBUG    | Post /partstudios/d/a7eccf28aad91e113b1adddb/w/f33029ad4dea8659bfb87532/e/ddb1cc5782b6d42bb9041523/featurescript      
DEBUG    | Post /partstudios/d/a7eccf28aad91e113b1adddb/w/f33029ad4dea8659bfb87532/e/ddb1cc5782b6d42bb9041523/features/featureid/F2NlR9F152UzwT3_0
WARNING  | Feature loaded with warning
DEBUG    | Post /partstudios/d/a7eccf28aad91e113b1adddb/w/f33029ad4dea8659bfb87532/e/ddb1cc5782b6d42bb9041523/featurescript      
DEBUG    | Post /partstudios/d/a7eccf28aad91e113b1adddb/w/f33029ad4dea8659bfb87532/e/ddb1cc5782b6d42bb9041523/features/featureid/F2NlR9F152UzwT3_0
WARNING  | Feature loaded with warning
DEBUG    | Post /partstudios/d/a7eccf28aad91e113b1adddb/w/f33029ad4dea8659bfb87532/e/ddb1cc5782b6d42bb9041523/featurescript      
DEBUG    | Post /partstudios/d/a7eccf28aad91e113b1adddb/w/f33029ad4dea8659bfb87532/e/ddb1cc5782b6d42bb9041523/features/featureid/F2NlR9F152UzwT3_0
WARNING  | Feature loaded with warning
DEBUG    | Post /partstudios/d/a7eccf28aad91e113b1adddb/w/f33029ad4dea8659bfb87532/e/ddb1cc5782b6d42bb9041523/featurescript      
DEBUG    | Post /partstudios/d/a7eccf28aad91e113b1adddb/w/f33029ad4dea8659bfb87532/e/ddb1cc5782b6d42bb9041523/features/featureid/F2NlR9F152UzwT3_0
WARNING  | Feature loaded with warning
DEBUG    | Post /partstudios/d/a7eccf28aad91e113b1adddb/w/f33029ad4dea8659bfb87532/e/ddb1cc5782b6d42bb9041523/featurescript      
DEBUG    | Post /partstudios/d/a7eccf28aad91e113b1adddb/w/f33029ad4dea8659bfb87532/e/ddb1cc5782b6d42bb9041523/features/featureid/F2NlR9F152UzwT3_0
WARNING  | Feature loaded with warning
DEBUG    | Post /partstudios/d/a7eccf28aad91e113b1adddb/w/f33029ad4dea8659bfb87532/e/ddb1cc5782b6d42bb9041523/featurescript      
DEBUG    | Post /partstudios/d/a7eccf28aad91e113b1adddb/w/f33029ad4dea8659bfb87532/e/ddb1cc5782b6d42bb9041523/features/featureid/F2NlR9F152UzwT3_0
WARNING  | Feature loaded with warning
DEBUG    | Post /partstudios/d/a7eccf28aad91e113b1adddb/w/f33029ad4dea8659bfb87532/e/ddb1cc5782b6d42bb9041523/featurescript      
DEBUG    | Post /partstudios/d/a7eccf28aad91e113b1adddb/w/f33029ad4dea8659bfb87532/e/ddb1cc5782b6d42bb9041523/features/featureid/F2NlR9F152UzwT3_0
WARNING  | Feature loaded with warning
DEBUG    | Post /partstudios/d/a7eccf28aad91e113b1adddb/w/f33029ad4dea8659bfb87532/e/ddb1cc5782b6d42bb9041523/featurescript      
DEBUG    | Post /partstudios/d/a7eccf28aad91e113b1adddb/w/f33029ad4dea8659bfb87532/e/ddb1cc5782b6d42bb9041523/features/featureid/F2NlR9F152UzwT3_0
WARNING  | Feature loaded with warning
DEBUG    | Post /partstudios/d/a7eccf28aad91e113b1adddb/w/f33029ad4dea8659bfb87532/e/ddb1cc5782b6d42bb9041523/featurescript      
DEBUG    | Post /partstudios/d/a7eccf28aad91e113b1adddb/w/f33029ad4dea8659bfb87532/e/ddb1cc5782b6d42bb9041523/features/featureid/F2NlR9F152UzwT3_0
WARNING  | Feature loaded with warning
DEBUG    | Post /partstudios/d/a7eccf28aad91e113b1adddb/w/f33029ad4dea8659bfb87532/e/ddb1cc5782b6d42bb9041523/featurescript      
DEBUG    | Post /partstudios/d/a7eccf28aad91e113b1adddb/w/f33029ad4dea8659bfb87532/e/ddb1cc5782b6d42bb9041523/features/featureid/F2NlR9F152UzwT3_0
WARNING  | Feature loaded with warning
DEBUG    | Post /partstudios/d/a7eccf28aad91e113b1adddb/w/f33029ad4dea8659bfb87532/e/ddb1cc5782b6d42bb9041523/featurescript      
DEBUG    | Post /partstudios/d/a7eccf28aad91e113b1adddb/w/f33029ad4dea8659bfb87532/e/ddb1cc5782b6d42bb9041523/features/featureid/F2NlR9F152UzwT3_0
WARNING  | Feature loaded with warning
DEBUG    | Post /partstudios/d/a7eccf28aad91e113b1adddb/w/f33029ad4dea8659bfb87532/e/ddb1cc5782b6d42bb9041523/featurescript      
DEBUG    | Post /partstudios/d/a7eccf28aad91e113b1adddb/w/f33029ad4dea8659bfb87532/e/ddb1cc5782b6d42bb9041523/features/featureid/F2NlR9F152UzwT3_0
WARNING  | Feature loaded with warning
DEBUG    | Post /partstudios/d/a7eccf28aad91e113b1adddb/w/f33029ad4dea8659bfb87532/e/ddb1cc5782b6d42bb9041523/featurescript      
DEBUG    | Post /partstudios/d/a7eccf28aad91e113b1adddb/w/f33029ad4dea8659bfb87532/e/ddb1cc5782b6d42bb9041523/features/featureid/F2NlR9F152UzwT3_0
WARNING  | Feature loaded with warning
DEBUG    | Post /partstudios/d/a7eccf28aad91e113b1adddb/w/f33029ad4dea8659bfb87532/e/ddb1cc5782b6d42bb9041523/featurescript      
DEBUG    | Post /partstudios/d/a7eccf28aad91e113b1adddb/w/f33029ad4dea8659bfb87532/e/ddb1cc5782b6d42bb9041523/features/featureid/F2NlR9F152UzwT3_0
WARNING  | Feature loaded with warning
DEBUG    | Post /partstudios/d/a7eccf28aad91e113b1adddb/w/f33029ad4dea8659bfb87532/e/ddb1cc5782b6d42bb9041523/featurescript      
DEBUG    | Post /partstudios/d/a7eccf28aad91e113b1adddb/w/f33029ad4dea8659bfb87532/e/ddb1cc5782b6d42bb9041523/features/featureid/F2NlR9F152UzwT3_0
WARNING  | Feature loaded with warning
DEBUG    | Post /partstudios/d/a7eccf28aad91e113b1adddb/w/f33029ad4dea8659bfb87532/e/ddb1cc5782b6d42bb9041523/featurescript      
DEBUG    | Post /partstudios/d/a7eccf28aad91e113b1adddb/w/f33029ad4dea8659bfb87532/e/ddb1cc5782b6d42bb9041523/features/featureid/F2NlR9F152UzwT3_0
WARNING  | Feature loaded with warning
DEBUG    | Post /partstudios/d/a7eccf28aad91e113b1adddb/w/f33029ad4dea8659bfb87532/e/ddb1cc5782b6d42bb9041523/featurescript      
DEBUG    | Post /partstudios/d/a7eccf28aad91e113b1adddb/w/f33029ad4dea8659bfb87532/e/ddb1cc5782b6d42bb9041523/features/featureid/F2NlR9F152UzwT3_0
WARNING  | Feature loaded with warning
DEBUG    | Post /partstudios/d/a7eccf28aad91e113b1adddb/w/f33029ad4dea8659bfb87532/e/ddb1cc5782b6d42bb9041523/featurescript      
DEBUG    | Post /partstudios/d/a7eccf28aad91e113b1adddb/w/f33029ad4dea8659bfb87532/e/ddb1cc5782b6d42bb9041523/features/featureid/F2NlR9F152UzwT3_0
WARNING  | Feature loaded with warning
DEBUG    | Post /partstudios/d/a7eccf28aad91e113b1adddb/w/f33029ad4dea8659bfb87532/e/ddb1cc5782b6d42bb9041523/featurescript      
DEBUG    | Post /partstudios/d/a7eccf28aad91e113b1adddb/w/f33029ad4dea8659bfb87532/e/ddb1cc5782b6d42bb9041523/features/featureid/F2NlR9F152UzwT3_0
WARNING  | Feature loaded with warning
DEBUG    | Post /partstudios/d/a7eccf28aad91e113b1adddb/w/f33029ad4dea8659bfb87532/e/ddb1cc5782b6d42bb9041523/featurescript      
DEBUG    | Post /partstudios/d/a7eccf28aad91e113b1adddb/w/f33029ad4dea8659bfb87532/e/ddb1cc5782b6d42bb9041523/featurescript      
DEBUG    | Post /partstudios/d/a7eccf28aad91e113b1adddb/w/f33029ad4dea8659bfb87532/e/ddb1cc5782b6d42bb9041523/featurescript      
DEBUG    | Post /partstudios/d/a7eccf28aad91e113b1adddb/w/f33029ad4dea8659bfb87532/e/ddb1cc5782b6d42bb9041523/featurescript      
DEBUG    | Post /partstudios/d/a7eccf28aad91e113b1adddb/w/f33029ad4dea8659bfb87532/e/ddb1cc5782b6d42bb9041523/features
_______________________________________________________ test_part_query ________________________________________________________ 

    def test_part_query():
        """Tests the ability to query a part"""

        document = onpy.create_document("test_features::test_part_query")
        partstudio = document.get_partstudio()
        partstudio.wipe()

        sketch1 = partstudio.add_sketch(partstudio.features.top_plane)
        sketch1.add_circle((0, 0), radius=1)

        extrude = partstudio.add_extrude(sketch1, distance=3)

        new_part = extrude.get_created_parts()[0]

        sketch3 = partstudio.add_sketch(new_part.faces.closest_to((0, 0, 1000)))
        sketch3.add_corner_rectangle((0.5, 0.5), (-0.5, -0.5))

        extrude = partstudio.add_extrude(sketch3, distance=0.5, merge_with=new_part)

        sketch4 = partstudio.add_sketch(plane=new_part.faces.closest_to((0, 0, 10000)))
        sketch4.add_circle((0, 0), radius=3)
        sketch4.add_circle((0, 4), radius=1)

        extrude = partstudio.add_extrude(sketch4.faces.smallest(), distance=3)

        sketch_cut = partstudio.add_sketch(partstudio.features.top_plane)
        sketch_cut.add_circle((0, 0), 0.4)

        main_part = partstudio.parts[0]

        partstudio.add_extrude(sketch_cut, distance=4, subtract_from=main_part)

        print("available parts")
        print(partstudio.parts)

>       document.delete()

tests\test_features.py:170:
_ _ _ _ _ _ _ _ _ _ _ _ _ _ _ _ _ _ _ _ _ _ _ _ _ _ _ _ _ _ _ _ _ _ _ _ _ _ _ _ _ _ _ _ _ _ _ _ _ _ _ _ _ _ _ _ _ _ _ _ _ _ _ _  
src\onpy\document.py:76: in delete
    self._client._api.endpoints.document_delete(self.id)
src\onpy\api\endpoints.py:46: in document_delete
    self.api.delete(endpoint=f"/documents/{document_id}", response_type=str)
src\onpy\api\rest_api.py:221: in delete
    return self.http_wrap(HttpMethod.Delete, endpoint, response_type, payload)
_ _ _ _ _ _ _ _ _ _ _ _ _ _ _ _ _ _ _ _ _ _ _ _ _ _ _ _ _ _ _ _ _ _ _ _ _ _ _ _ _ _ _ _ _ _ _ _ _ _ _ _ _ _ _ _ _ _ _ _ _ _ _ _  

self = <onpy.api.rest_api.RestApi object at 0x000001CE46D820F0>, http_method = <HttpMethod.Delete: 'delete'>
endpoint = '/documents/8eb95aed4292926f92fb6b23', response_type = <class 'str'>, payload = None

    def http_wrap[T: ApiModel | str](
        self,
        http_method: HttpMethod,
        endpoint: str,
        response_type: type[T],
        payload: ApiModel | None,
    ) -> T:
        """Wrap requests' POST/GET/DELETE with pydantic serializations & deserializations.

        Args:
            http_method: The HTTP Method to use, like GET/POST/DELETE.
            endpoint: The endpoint to target. e.g., /documents/
            response_type: The ApiModel to deserialize the response into.
            payload: The optional payload to send with the request

        Returns:
            The response deserialized into the response_type type

        """
        # check endpoint formatting
        if not endpoint.startswith("/"):
            msg = f"Endpoint '{endpoint}' missing '/' prefix"
            raise OnPyInternalError(msg)

        # match method enum to requests function
        requests_func: Callable[..., requests.Response] = {
            HttpMethod.Post: requests.post,
            HttpMethod.Get: requests.get,
            HttpMethod.Delete: requests.delete,
            HttpMethod.Put: requests.put,
        }[http_method]

        payload_json = None

        if isinstance(payload, ApiModel):
            payload_json = payload.model_dump(exclude_none=True)

        logger.debug(f"{http_method.name} {endpoint}")
        logger.trace(
            f"Calling {http_method.name} {endpoint}"
            + (f" with payload:\n{json.dumps(payload_json, indent=4)}" if payload else ""),
        )

        # TODO @kyle-tennison: wrap this in a try/except to catch timeouts
        r = requests_func(
            url=self.BASE_URL + endpoint,
            json=payload_json,
            auth=self.get_auth(),
        )

        if not r.ok:
            msg = f"Bad response {r.status_code}"
>           raise OnPyApiError(msg, r)
E           onpy.util.exceptions.OnPyApiError: Bad response 403

src\onpy\api\rest_api.py:101: OnPyApiError
----------------------------------------------------- Captured stdout call ----------------------------------------------------- 
DEBUG    | Get /documents
DEBUG    | Post /documents
DEBUG    | Get /documents/d/8eb95aed4292926f92fb6b23/w/f1bea860d9ba7888efa7c5a5/elements
DEBUG    | Get /documents/d/8eb95aed4292926f92fb6b23/versions
DEBUG    | Post /documents/d/8eb95aed4292926f92fb6b23/versions
INFO     | Created new version V1
DEBUG    | Get /partstudios/d/8eb95aed4292926f92fb6b23/w/f1bea860d9ba7888efa7c5a5/e/bc049559e7bb2bce95a12fba/features
DEBUG    | Post /partstudios/d/8eb95aed4292926f92fb6b23/w/f1bea860d9ba7888efa7c5a5/e/bc049559e7bb2bce95a12fba/featurescript      
DEBUG    | Post /partstudios/d/8eb95aed4292926f92fb6b23/w/f1bea860d9ba7888efa7c5a5/e/bc049559e7bb2bce95a12fba/features
DEBUG    | Successfully uploaded feature 'New Sketch'
INFO     | Added circle to sketch: Circle(radius=0.0254, center=Point2D(x=0.0, y=0.0))
DEBUG    | Post /partstudios/d/8eb95aed4292926f92fb6b23/w/f1bea860d9ba7888efa7c5a5/e/bc049559e7bb2bce95a12fba/featurescript      
DEBUG    | Post /partstudios/d/8eb95aed4292926f92fb6b23/w/f1bea860d9ba7888efa7c5a5/e/bc049559e7bb2bce95a12fba/features/featureid/FiSdydC5fgPOMZy_0
DEBUG    | Successfully updated feature 'New Sketch'
DEBUG    | Post /partstudios/d/8eb95aed4292926f92fb6b23/w/f1bea860d9ba7888efa7c5a5/e/bc049559e7bb2bce95a12fba/featurescript      
DEBUG    | Post /partstudios/d/8eb95aed4292926f92fb6b23/w/f1bea860d9ba7888efa7c5a5/e/bc049559e7bb2bce95a12fba/featurescript      
DEBUG    | Post /partstudios/d/8eb95aed4292926f92fb6b23/w/f1bea860d9ba7888efa7c5a5/e/bc049559e7bb2bce95a12fba/features
DEBUG    | Successfully uploaded feature 'New Extrude'
DEBUG    | Post /partstudios/d/8eb95aed4292926f92fb6b23/w/f1bea860d9ba7888efa7c5a5/e/bc049559e7bb2bce95a12fba/featurescript      
DEBUG    | Get /parts/d/8eb95aed4292926f92fb6b23/w/f1bea860d9ba7888efa7c5a5/e/bc049559e7bb2bce95a12fba
DEBUG    | Post /partstudios/d/8eb95aed4292926f92fb6b23/w/f1bea860d9ba7888efa7c5a5/e/bc049559e7bb2bce95a12fba/featurescript      
DEBUG    | Post /partstudios/d/8eb95aed4292926f92fb6b23/w/f1bea860d9ba7888efa7c5a5/e/bc049559e7bb2bce95a12fba/featurescript      
DEBUG    | Post /partstudios/d/8eb95aed4292926f92fb6b23/w/f1bea860d9ba7888efa7c5a5/e/bc049559e7bb2bce95a12fba/featurescript      
DEBUG    | Post /partstudios/d/8eb95aed4292926f92fb6b23/w/f1bea860d9ba7888efa7c5a5/e/bc049559e7bb2bce95a12fba/features
DEBUG    | Successfully uploaded feature 'New Sketch'
INFO     | Added line to sketch: Line(start=Point2D(x=0.0127, y=0.0127), end=Point2D(x=-0.0127, y=0.0127))
DEBUG    | Post /partstudios/d/8eb95aed4292926f92fb6b23/w/f1bea860d9ba7888efa7c5a5/e/bc049559e7bb2bce95a12fba/featurescript      
DEBUG    | Post /partstudios/d/8eb95aed4292926f92fb6b23/w/f1bea860d9ba7888efa7c5a5/e/bc049559e7bb2bce95a12fba/features/featureid/FMOX5eUxM5JcmWc_1
DEBUG    | Successfully updated feature 'New Sketch'
INFO     | Added line to sketch: Line(start=Point2D(x=-0.0127, y=0.0127), end=Point2D(x=-0.0127, y=-0.0127))
DEBUG    | Post /partstudios/d/8eb95aed4292926f92fb6b23/w/f1bea860d9ba7888efa7c5a5/e/bc049559e7bb2bce95a12fba/featurescript      
DEBUG    | Post /partstudios/d/8eb95aed4292926f92fb6b23/w/f1bea860d9ba7888efa7c5a5/e/bc049559e7bb2bce95a12fba/features/featureid/FMOX5eUxM5JcmWc_1
DEBUG    | Successfully updated feature 'New Sketch'
INFO     | Added line to sketch: Line(start=Point2D(x=-0.0127, y=-0.0127), end=Point2D(x=0.0127, y=-0.0127))
DEBUG    | Post /partstudios/d/8eb95aed4292926f92fb6b23/w/f1bea860d9ba7888efa7c5a5/e/bc049559e7bb2bce95a12fba/featurescript      
DEBUG    | Post /partstudios/d/8eb95aed4292926f92fb6b23/w/f1bea860d9ba7888efa7c5a5/e/bc049559e7bb2bce95a12fba/features/featureid/FMOX5eUxM5JcmWc_1
DEBUG    | Successfully updated feature 'New Sketch'
INFO     | Added line to sketch: Line(start=Point2D(x=0.0127, y=0.0127), end=Point2D(x=0.0127, y=-0.0127))
DEBUG    | Post /partstudios/d/8eb95aed4292926f92fb6b23/w/f1bea860d9ba7888efa7c5a5/e/bc049559e7bb2bce95a12fba/featurescript      
DEBUG    | Post /partstudios/d/8eb95aed4292926f92fb6b23/w/f1bea860d9ba7888efa7c5a5/e/bc049559e7bb2bce95a12fba/features/featureid/FMOX5eUxM5JcmWc_1
DEBUG    | Successfully updated feature 'New Sketch'
DEBUG    | Post /partstudios/d/8eb95aed4292926f92fb6b23/w/f1bea860d9ba7888efa7c5a5/e/bc049559e7bb2bce95a12fba/featurescript      
DEBUG    | Post /partstudios/d/8eb95aed4292926f92fb6b23/w/f1bea860d9ba7888efa7c5a5/e/bc049559e7bb2bce95a12fba/featurescript      
DEBUG    | Post /partstudios/d/8eb95aed4292926f92fb6b23/w/f1bea860d9ba7888efa7c5a5/e/bc049559e7bb2bce95a12fba/features
DEBUG    | Successfully uploaded feature 'New Extrude'
DEBUG    | Post /partstudios/d/8eb95aed4292926f92fb6b23/w/f1bea860d9ba7888efa7c5a5/e/bc049559e7bb2bce95a12fba/featurescript      
DEBUG    | Post /partstudios/d/8eb95aed4292926f92fb6b23/w/f1bea860d9ba7888efa7c5a5/e/bc049559e7bb2bce95a12fba/featurescript      
DEBUG    | Post /partstudios/d/8eb95aed4292926f92fb6b23/w/f1bea860d9ba7888efa7c5a5/e/bc049559e7bb2bce95a12fba/featurescript      
DEBUG    | Post /partstudios/d/8eb95aed4292926f92fb6b23/w/f1bea860d9ba7888efa7c5a5/e/bc049559e7bb2bce95a12fba/features
DEBUG    | Successfully uploaded feature 'New Sketch'
INFO     | Added circle to sketch: Circle(radius=0.07619999999999999, center=Point2D(x=0.0, y=0.0))
DEBUG    | Post /partstudios/d/8eb95aed4292926f92fb6b23/w/f1bea860d9ba7888efa7c5a5/e/bc049559e7bb2bce95a12fba/featurescript      
DEBUG    | Post /partstudios/d/8eb95aed4292926f92fb6b23/w/f1bea860d9ba7888efa7c5a5/e/bc049559e7bb2bce95a12fba/features/featureid/FpwYCHHU7N6nwW2_1
DEBUG    | Successfully updated feature 'New Sketch'
INFO     | Added circle to sketch: Circle(radius=0.0254, center=Point2D(x=0.0, y=0.1016))
DEBUG    | Post /partstudios/d/8eb95aed4292926f92fb6b23/w/f1bea860d9ba7888efa7c5a5/e/bc049559e7bb2bce95a12fba/featurescript      
DEBUG    | Post /partstudios/d/8eb95aed4292926f92fb6b23/w/f1bea860d9ba7888efa7c5a5/e/bc049559e7bb2bce95a12fba/features/featureid/FpwYCHHU7N6nwW2_1
DEBUG    | Successfully updated feature 'New Sketch'
DEBUG    | Post /partstudios/d/8eb95aed4292926f92fb6b23/w/f1bea860d9ba7888efa7c5a5/e/bc049559e7bb2bce95a12fba/featurescript      
DEBUG    | Post /partstudios/d/8eb95aed4292926f92fb6b23/w/f1bea860d9ba7888efa7c5a5/e/bc049559e7bb2bce95a12fba/featurescript      
DEBUG    | Post /partstudios/d/8eb95aed4292926f92fb6b23/w/f1bea860d9ba7888efa7c5a5/e/bc049559e7bb2bce95a12fba/featurescript      
DEBUG    | Post /partstudios/d/8eb95aed4292926f92fb6b23/w/f1bea860d9ba7888efa7c5a5/e/bc049559e7bb2bce95a12fba/featurescript      
DEBUG    | Post /partstudios/d/8eb95aed4292926f92fb6b23/w/f1bea860d9ba7888efa7c5a5/e/bc049559e7bb2bce95a12fba/features
DEBUG    | Successfully uploaded feature 'New Extrude'
DEBUG    | Post /partstudios/d/8eb95aed4292926f92fb6b23/w/f1bea860d9ba7888efa7c5a5/e/bc049559e7bb2bce95a12fba/featurescript      
DEBUG    | Post /partstudios/d/8eb95aed4292926f92fb6b23/w/f1bea860d9ba7888efa7c5a5/e/bc049559e7bb2bce95a12fba/features
DEBUG    | Successfully uploaded feature 'New Sketch'
INFO     | Added circle to sketch: Circle(radius=0.01016, center=Point2D(x=0.0, y=0.0))
DEBUG    | Post /partstudios/d/8eb95aed4292926f92fb6b23/w/f1bea860d9ba7888efa7c5a5/e/bc049559e7bb2bce95a12fba/featurescript      
DEBUG    | Post /partstudios/d/8eb95aed4292926f92fb6b23/w/f1bea860d9ba7888efa7c5a5/e/bc049559e7bb2bce95a12fba/features/featureid/Fe47789mRTSDvzj_2
DEBUG    | Successfully updated feature 'New Sketch'
DEBUG    | Get /parts/d/8eb95aed4292926f92fb6b23/w/f1bea860d9ba7888efa7c5a5/e/bc049559e7bb2bce95a12fba
DEBUG    | Post /partstudios/d/8eb95aed4292926f92fb6b23/w/f1bea860d9ba7888efa7c5a5/e/bc049559e7bb2bce95a12fba/featurescript      
DEBUG    | Post /partstudios/d/8eb95aed4292926f92fb6b23/w/f1bea860d9ba7888efa7c5a5/e/bc049559e7bb2bce95a12fba/featurescript      
DEBUG    | Post /partstudios/d/8eb95aed4292926f92fb6b23/w/f1bea860d9ba7888efa7c5a5/e/bc049559e7bb2bce95a12fba/features
DEBUG    | Successfully uploaded feature 'New Extrude'
available parts
DEBUG    | Get /parts/d/8eb95aed4292926f92fb6b23/w/f1bea860d9ba7888efa7c5a5/e/bc049559e7bb2bce95a12fba
+-------+-----------+---------+
| Index | Part Name | Part ID |
+-------+-----------+---------+
|   0   |   Part 1  |   JHD   |
|   1   |   Part 2  |   JOD   |
+-------+-----------+---------+
DEBUG    | Delete /documents/8eb95aed4292926f92fb6b23
=================================================== short test summary info ====================================================
FAILED tests/test_documents.py::test_lifecycle - onpy.util.exceptions.OnPyApiError: Bad response 403
FAILED tests/test_documents.py::test_elements - onpy.util.exceptions.OnPyApiError: Bad response 403
FAILED tests/test_documents.py::test_versions - onpy.util.exceptions.OnPyApiError: Bad response 403
FAILED tests/test_features.py::test_sketch_extrude - onpy.util.exceptions.OnPyApiError: Bad response 403
FAILED tests/test_features.py::test_sketch_queries - onpy.util.exceptions.OnPyApiError: Bad response 403
FAILED tests/test_features.py::test_feature_wipe - onpy.util.exceptions.OnPyApiError: Bad response 403
FAILED tests/test_features.py::test_pseudo_elements - onpy.util.exceptions.OnPyFeatureError: Feature errored on upload
FAILED tests/test_features.py::test_part_query - onpy.util.exceptions.OnPyApiError: Bad response 403
================================================= 8 failed, 1 passed in 56.40s =================================================